// Jest Snapshot v1, https://goo.gl/fbAQLP

exports[`renders homepage unchanged 1`] = `
<div>
  <main
    class="flex min-h-screen flex-col items-center justify-between p-24"
  >
    <h1
      class="text-2xl font-bold text-center"
    >
      GitHub Inventory
    </h1>
    <table
      class="min-w-full divide-y divide-gray-300"
    >
      <thead>
        <tr>
          <td>
            No data
          </td>
        </tr>
      </thead>
      <tbody />
    </table>
  </main>
</div>
`;
